[20:17:22] [ServerMain/INFO]: [bootstrap] Running Java 25 (OpenJDK 64-Bit Server VM 25.0.2+10-LTS; Eclipse Adoptium Temurin-25.0.2+10) on Mac OS X 26.6.2 (aarch64)
[20:17:22] [ServerMain/INFO]: [bootstrap] Loading Paper 1.21.11-132-ver/1.21.11@c5eb079 (2026-05-11T11:43:09Z) for Minecraft 1.21.11
[20:17:22] [ServerMain/INFO]: [PluginInitializerManager] Initializing plugins...
[20:17:23] [ServerMain/INFO]: [PluginInitializerManager] Initialized 6 plugins
[20:17:23] [ServerMain/INFO]: [PluginInitializerManager] Bukkit plugins (6):
 - CustomLobby (1.0.0), Geyser-Spigot (2.11.3-SNAPSHOT), ServerSelector (1.8), ViaBackwards (5.12.1-SNAPSHOT), ViaVersion (5.12.1-SNAPSHOT), floodgate (2.2.5-SNAPSHOT (b141-81b65cc))
[20:17:24] [ServerMain/INFO]: Environment: Environment[sessionHost=https://sessionserver.mojang.com, servicesHost=https://api.minecraftservices.com, profilesHost=https://api.mojang.com, name=PROD]
[20:17:25] [ServerMain/INFO]: Loaded 1470 recipes
[20:17:25] [ServerMain/INFO]: Loaded 1584 advancements
[20:17:25] [ServerMain/INFO]: [ca.spottedleaf.dataconverter.minecraft.datatypes.MCTypeRegistry] Initialising converters for DataConverter...
[20:17:25] [ServerMain/INFO]: [ca.spottedleaf.dataconverter.minecraft.datatypes.MCTypeRegistry] Finished initialising converters for DataConverter in 135,2ms
[20:17:25] [Server thread/INFO]: Starting minecraft server version 1.21.11
[20:17:25] [Server thread/INFO]: Loading properties
[20:17:25] [Server thread/INFO]: This server is running Paper version 1.21.11-132-ver/1.21.11@c5eb079 (2026-05-11T11:43:09Z) (Implementing API version 1.21.11-R0.1-SNAPSHOT)
[20:17:25] [Server thread/INFO]: [spark] This server bundles the spark profiler. For more information please visit https://docs.papermc.io/paper/profiling
[20:17:25] [Server thread/INFO]: Using 4 threads for Netty based IO
[20:17:25] [Server thread/INFO]: Server Ping Player Sample Count: 12
[20:17:26] [Server thread/INFO]: [MoonriseCommon] Paper is using 2 worker threads, 1 I/O threads
[20:17:26] [Server thread/INFO]: Default game type: SURVIVAL
[20:17:26] [Server thread/INFO]: Generating keypair
[20:17:26] [Server thread/INFO]: Starting Minecraft server on *:25565
[20:17:26] [Server thread/INFO]: Paper: Using libdeflate (macOS ARM64 / Apple Silicon) compression from Velocity.
[20:17:26] [Server thread/INFO]: Paper: Using native (macOS ARM64 / Apple Silicon) cipher from Velocity.
[20:17:26] [Server thread/INFO]: [floodgate] Loading server plugin floodgate v2.2.5-SNAPSHOT (b141-81b65cc)
[20:17:27] [Server thread/WARN]: [floodgate] de_AT is not a supported Floodgate language.
[20:17:27] [Server thread/INFO]: [floodgate] Took 282ms to boot Floodgate
[20:17:27] [Server thread/INFO]: [ViaVersion] Loading server plugin ViaVersion v5.12.1-SNAPSHOT
[20:17:27] [Server thread/INFO]: [ViaVersion] ViaVersion 5.12.1-SNAPSHOT is now loaded. Registering protocol transformers and injecting...
[20:17:27] [Server thread/INFO]: [ViaBackwards] Loading translations...
[20:17:27] [Server thread/INFO]: [ViaBackwards] Registering protocols...
[20:17:27] [Server thread/INFO]: [CustomLobby] Loading server plugin CustomLobby v1.0.0
[20:17:27] [Server thread/INFO]: [Geyser-Spigot] Loading server plugin Geyser-Spigot v2.11.3-SNAPSHOT
[20:17:27] [Server thread/INFO]: [Geyser-Spigot] Loading extensions...
[20:17:27] [Server thread/INFO]: [Geyser-Spigot] Loaded 0 extension(s)
[20:17:27] [Server thread/INFO]: [ServerSelector] Loading server plugin ServerSelector v1.8
[20:17:27] [Server thread/INFO]: [ViaBackwards] Loading server plugin ViaBackwards v5.12.1-SNAPSHOT
[20:17:27] [Server thread/INFO]: Server permissions file permissions.yml is empty, ignoring it
[20:17:27] [Server thread/WARN]: **** SERVER IS RUNNING IN OFFLINE/INSECURE MODE!
[20:17:27] [Server thread/WARN]: The server will make no attempt to authenticate usernames. Beware.
[20:17:27] [Server thread/WARN]: While this makes the game possible to play without internet access, it also opens up the ability for hackers to connect with any username they choose.
[20:17:27] [Server thread/WARN]: To change this, set "online-mode" to "true" in the server.properties file.
[20:17:27] [Server thread/INFO]: Preparing level "world"
[20:17:27] [Server thread/INFO]: Loading 0 persistent chunks for world 'minecraft:overworld'...
[20:17:27] [Server thread/INFO]: Prepared spawn area in 1 ms
[20:17:27] [Server thread/INFO]: Loading 0 persistent chunks for world 'minecraft:the_nether'...
[20:17:27] [Server thread/INFO]: Prepared spawn area in 0 ms
[20:17:27] [Server thread/INFO]: Loading 0 persistent chunks for world 'minecraft:the_end'...
[20:17:27] [Server thread/INFO]: Prepared spawn area in 0 ms
[20:17:27] [Server thread/INFO]: Done preparing level "world" (0.212s)
[20:17:27] [Server thread/INFO]: [floodgate] Enabling floodgate v2.2.5-SNAPSHOT (b141-81b65cc)
[20:17:28] [Server thread/INFO]: [ViaVersion] Enabling ViaVersion v5.12.1-SNAPSHOT
[20:17:28] [Server thread/INFO]: [ViaVersion] ViaVersion detected server version: 1.21.11 (774)
[20:17:28] [Server thread/INFO]: [CustomLobby] Enabling CustomLobby v1.0.0
[20:17:28] [Server thread/INFO]: [CustomLobby] 
[20:17:28] [Server thread/INFO]: [CustomLobby] ══════════════════════════════════════════════════════════
[20:17:28] [Server thread/INFO]: [CustomLobby]    ██████╗██╗   ██╗███████╗████████╗██████╗ ███╗   ███╗
[20:17:28] [Server thread/INFO]: [CustomLobby]   ██╔════╝██║   ██║██╔════╝╚══██╔══╝██╔══██╗████╗ ████║
[20:17:28] [Server thread/INFO]: [CustomLobby]   ██║     ██║   ██║███████╗   ██║   ██║  ██║██╔████╔██║
[20:17:28] [Server thread/INFO]: [CustomLobby]   ██║     ██║   ██║╚════██║   ██║   ██║  ██║██║╚██╔╝██║
[20:17:28] [Server thread/INFO]: [CustomLobby]   ╚██████╗╚██████╔╝███████║   ██║   ██████╔╝██║ ╚═╝ ██║
[20:17:28] [Server thread/INFO]: [CustomLobby]    ╚═════╝ ╚═════╝ ╚══════╝   ╚═╝   ╚═════╝ ╚═╝     ╚═╝
[20:17:28] [Server thread/INFO]: [CustomLobby]                 L O B B Y   P L U G I N                
[20:17:28] [Server thread/INFO]: [CustomLobby] ══════════════════════════════════════════════════════════
[20:17:28] [Server thread/INFO]: [CustomLobby] » Version:    1.0.0
[20:17:28] [Server thread/INFO]: [CustomLobby] » Server:     Paper/Purpur
[20:17:28] [Server thread/INFO]: [CustomLobby] » Author:     fernsehheft
[20:17:28] [Server thread/INFO]: [CustomLobby] » Website:    https://fhplugins.com
[20:17:28] [Server thread/INFO]: [CustomLobby] ══════════════════════════════════════════════════════════
[20:17:28] [Server thread/INFO]: [CustomLobby]   ┌─ Configuration
[20:17:28] [Server thread/INFO]: [CustomLobby] All configuration files loaded!
[20:17:28] [Server thread/INFO]: [CustomLobby]   ✔ config.yml, messages.yml, holograms.yml, npcs.yml, parkour.yml
[20:17:28] [Server thread/INFO]: [CustomLobby]   └────────────────────────────────
[20:17:28] [Server thread/INFO]: [CustomLobby]   ┌─ Metrics & Analytics
[20:17:28] [Server thread/INFO]: [CustomLobby]   ✔ FastStats
[20:17:28] [Server thread/INFO]: [CustomLobby]   ✔ bStats
[20:17:28] [Server thread/INFO]: [CustomLobby]   └────────────────────────────────
[20:17:28] [Server thread/INFO]: [CustomLobby]   ┌─ Database
[20:17:28] [Server thread/INFO]: [com.fernsehheft.customlobby.libs.hikari.HikariDataSource] CustomLobby-Pool - Starting...
[20:17:28] [Server thread/INFO]: [com.fernsehheft.customlobby.libs.hikari.pool.HikariPool] CustomLobby-Pool - Added connection org.sqlite.jdbc4.JDBC4Connection@7022342
[20:17:28] [Server thread/INFO]: [com.fernsehheft.customlobby.libs.hikari.HikariDataSource] CustomLobby-Pool - Start completed.
[20:17:28] [Server thread/INFO]: [CustomLobby] Database connected! Type: SQLite
[20:17:28] [Server thread/INFO]: [CustomLobby]   ✔ Connected (SQLITE)
[20:17:28] [Server thread/INFO]: [CustomLobby]   └────────────────────────────────
[20:17:28] [Server thread/INFO]: [CustomLobby]   ┌─ Managers & Features
[20:17:28] [Server thread/INFO]: [CustomLobby]   ✔ SoundManager
[20:17:28] [Server thread/INFO]: [CustomLobby]   ✔ SpawnManager
[20:17:28] [Server thread/INFO]: [CustomLobby]   ✔ WorldManager
[20:17:28] [Server thread/INFO]: [CustomLobby]   ✔ DoubleJumpManager
[20:17:28] [Server thread/INFO]: [CustomLobby]   ✔ VanishManager
[20:17:28] [Server thread/INFO]: [CustomLobby]   ✔ VisibilityManager
[20:17:28] [Server thread/INFO]: [CustomLobby]   ✔ HotbarManager
[20:17:28] [Server thread/INFO]: [CustomLobby]   ✔ NavigatorManager
[20:17:28] [Server thread/INFO]: [CustomLobby]   ✔ CosmeticsManager
[20:17:28] [Server thread/INFO]: [CustomLobby]   ✔ AFKManager
[20:17:28] [Server thread/INFO]: [CustomLobby]   ✔ AnnouncementManager
[20:17:28] [Server thread/INFO]: [CustomLobby]   ✔ BossBarManager
[20:17:28] [Server thread/INFO]: [CustomLobby]   ✔ HologramManager
[20:17:28] [Server thread/INFO]: [CustomLobby]   ✔ NPCManager
[20:17:28] [Server thread/INFO]: [CustomLobby]   ✔ ParkourManager
[20:17:28] [Server thread/INFO]: [CustomLobby]   ✔ ScoreboardManager
[20:17:28] [Server thread/INFO]: [CustomLobby]   ✔ TabListManager
[20:17:28] [Server thread/INFO]: [CustomLobby]   └────────────────────────────────
[20:17:28] [Server thread/INFO]: [CustomLobby]   ┌─ Commands & Tab Completers
[20:17:28] [Server thread/INFO]: [CustomLobby]   ✔ 15 commands with tab completion registered
[20:17:28] [Server thread/INFO]: [CustomLobby]   └────────────────────────────────
[20:17:28] [Server thread/INFO]: [CustomLobby]   ┌─ Event Listeners
[20:17:28] [Server thread/INFO]: [CustomLobby]   ✔ 13 event listeners registered
[20:17:28] [Server thread/INFO]: [CustomLobby]   └────────────────────────────────
[20:17:28] [Server thread/INFO]: [CustomLobby] ℹ PlaceholderAPI not found – placeholders in config will not be processed.
[20:17:28] [Server thread/INFO]: [CustomLobby] ════════════════════════════════════════════════════
[20:17:28] [Server thread/INFO]: [CustomLobby]   ✔ CustomLobby fully loaded!
[20:17:28] [Server thread/INFO]: [CustomLobby] • Holograms:  0
[20:17:28] [Server thread/INFO]: [CustomLobby] • NPCs:       0
[20:17:28] [Server thread/INFO]: [CustomLobby] • Parkours:   0
[20:17:28] [Server thread/INFO]: [CustomLobby] • Players:    0
[20:17:28] [Server thread/INFO]: [CustomLobby] ════════════════════════════════════════════════════
[20:17:28] [Server thread/INFO]: [Geyser-Spigot] Enabling Geyser-Spigot v2.11.3-SNAPSHOT
[20:17:28] [Server thread/INFO]: [ServerSelector] Enabling ServerSelector v1.8
[20:17:28] [Server thread/INFO]: [ServerSelector] PlaceholderAPI not found. Dynamic placeholders disabled.
[20:17:28] [Server thread/INFO]: [ServerSelector] Fetching player head for Dream...
[20:17:29] [Server thread/INFO]: Environment: Environment[sessionHost=https://sessionserver.mojang.com, servicesHost=https://api.minecraftservices.com, profilesHost=https://api.mojang.com, name=PROD]
[20:17:29] [Server thread/INFO]: [ServerSelector] ServerGUI has been enabled!
[20:17:29] [Server thread/INFO]: [ViaBackwards] Enabling ViaBackwards v5.12.1-SNAPSHOT
[20:17:29] [Server thread/INFO]: [spark] Starting background profiler...
[20:17:30] [Server thread/INFO]: [Geyser-Spigot] ******************************************
[20:17:30] [Server thread/INFO]: [Geyser-Spigot] 
[20:17:30] [Server thread/INFO]: [Geyser-Spigot] Loading Geyser version 2.11.3-b1245 (git-master-2808f7d)
[20:17:30] [Server thread/INFO]: [Geyser-Spigot] 
[20:17:30] [Server thread/INFO]: [Geyser-Spigot] ******************************************
[20:17:31] [Server thread/INFO]: [Geyser-Spigot] Registered 199 custom block overrides.
[20:17:31] [Server thread/INFO]: [Geyser-Spigot] Registered 2 custom block item overrides.
[20:17:31] [Server thread/INFO]: [Geyser-Spigot] Registered 7 custom blocks.
[20:17:32] [Server thread/INFO]: [Geyser-Spigot] Registered 1 custom items
[20:17:32] [GeyserServer-3-1/INFO]: [Geyser-Spigot] Started Geyser on UDP port 19132
[20:17:32] [Server thread/INFO]: [Geyser-Spigot] Done (1,451s)! Run /geyser help for help!
[20:17:32] [Server thread/INFO]: Running delayed init tasks
[20:17:32] [Server thread/INFO]: Done (10.406s)! For help, type "help"
[20:17:32] [Craft Scheduler Thread - 2 - ViaVersion/INFO]: [ViaVersion] Finished mapping loading, shutting down loader executor.
[20:17:32] [Server thread/INFO]: [ViaVersion] You are running a development version of the plugin, please report any bugs to GitHub.
[20:17:32] [Craft Scheduler Thread - 1 - CustomLobby/INFO]: [CustomLobby] ✔ [UpdateChecker] Plugin is up to date! (1.0.0)
[20:17:32] [Paper Async Task Handler Thread - 1/WARN]: *************************************************************************************
[20:17:32] [Paper Async Task Handler Thread - 1/WARN]: You are running the latest build for your Minecraft version (1.21.11)
[20:17:32] [Paper Async Task Handler Thread - 1/WARN]: However, you are 4 release(s) behind the latest stable release (26.2)!
[20:17:32] [Paper Async Task Handler Thread - 1/WARN]: It is recommended that you update as soon as possible
[20:17:32] [Paper Async Task Handler Thread - 1/WARN]: https://papermc.io/downloads/paper
[20:17:32] [Paper Async Task Handler Thread - 1/WARN]: *************************************************************************************
[20:19:10] [Server thread/INFO]: Made XylofonHarfe195 a server operator
[20:19:16] [User Authenticator #0/INFO]: UUID of player XylofonHarfe195 is ced0eda3-9b3b-325d-b80d-490fc040e8ea
[20:19:16] [Server thread/INFO]: [HorriblePlayerLoginEventHack] You have plugins listening to the PlayerLoginEvent, this will cause re-configuration APIs to be unavailable: [CustomLobby]
[20:19:17] [Server thread/INFO]: [+] XylofonHarfe195
[20:19:17] [Server thread/INFO]: XylofonHarfe195[/127.0.0.1:51957] logged in with entity id 1 at ([world]7.5, 78.0, 708.5)
[20:19:18] [Server thread/WARN]: [CustomLobby] [Scoreboard] Placeholder '{rank}' could not be resolved because PlaceholderAPI is not installed!
[20:19:18] [Server thread/WARN]: [CustomLobby] [Scoreboard] Install PlaceholderAPI to use '{rank}'.
[20:19:18] [Server thread/WARN]: [CustomLobby] [Scoreboard] Placeholder '{coins}' could not be resolved because PlaceholderAPI is not installed!
[20:19:18] [Server thread/WARN]: [CustomLobby] [Scoreboard] Install PlaceholderAPI to use '{coins}'.
[20:19:18] [Server thread/WARN]: [CustomLobby] [Scoreboard] Placeholder '{level}' could not be resolved because PlaceholderAPI is not installed!
[20:19:18] [Server thread/WARN]: [CustomLobby] [Scoreboard] Install PlaceholderAPI to use '{level}'.
[20:19:34] [Server thread/INFO]: Made XylofonHarfe195 a server operator
[20:19:37] [Server thread/INFO]: [XylofonHarfe195: Set own game mode to Survival Mode]
[20:19:38] [Server thread/INFO]: [XylofonHarfe195: Set own game mode to Adventure Mode]
[20:19:42] [Server thread/INFO]: [XylofonHarfe195: Set own game mode to Creative Mode]
[20:20:27] [Server thread/INFO]: XylofonHarfe195 issued server command: /tp @s 208 158.5 509
[20:20:27] [Server thread/INFO]: [XylofonHarfe195: Teleported XylofonHarfe195 to 208.500000, 158.500000, 509.500000]
[20:20:31] [Server thread/INFO]: XylofonHarfe195 issued server command: /spawn
[20:21:09] [Server thread/INFO]: XylofonHarfe195 is now AFK.
[20:21:09] [Server thread/INFO]: XylofonHarfe195 is no longer AFK.
[20:21:36] [Server thread/INFO]: XylofonHarfe195 issued server command: /customlobby:announce Hello!
[20:21:36] [Server thread/INFO]: [Announcement] Hello!
[20:21:48] [Server thread/INFO]: XylofonHarfe195 issued server command: /cl
[20:22:22] [Server thread/INFO]: XylofonHarfe195 issued server command: /customlobby:ladmin
[20:22:32] [Server thread/INFO]: [Announcement] Welcome to CustomLobby! Enjoy your stay!
[20:22:57] [Server thread/INFO]: XylofonHarfe195 lost connection: Disconnected
[20:22:57] [Server thread/INFO]: [-] XylofonHarfe195
[20:23:07] [Server thread/INFO]: Stopping server
[20:23:07] [Server thread/INFO]: [ViaBackwards] Disabling ViaBackwards v5.12.1-SNAPSHOT
[20:23:07] [Server thread/INFO]: [ServerSelector] Disabling ServerSelector v1.8
[20:23:07] [Server thread/INFO]: [ServerSelector] ServerGUI has been disabled!
[20:23:07] [Server thread/INFO]: [Geyser-Spigot] Disabling Geyser-Spigot v2.11.3-SNAPSHOT
[20:23:07] [Server thread/INFO]: [Geyser-Spigot] Shutting down Geyser.
[20:23:07] [Server thread/INFO]: [Geyser-Spigot] Geyser shutdown successfully.
[20:23:07] [Server thread/INFO]: [CustomLobby] Disabling CustomLobby v1.0.0
[20:23:07] [Server thread/INFO]: [CustomLobby] 
[20:23:07] [Server thread/INFO]: [CustomLobby] ════════════════════════════════════════════════════
[20:23:07] [Server thread/INFO]: [CustomLobby]   CustomLobby is shutting down...
[20:23:07] [Server thread/INFO]: [CustomLobby] » Saving data & cleaning up...
[20:23:07] [Server thread/INFO]: [CustomLobby] ════════════════════════════════════════════════════
[20:23:07] [Server thread/INFO]: [com.fernsehheft.customlobby.libs.hikari.HikariDataSource] CustomLobby-Pool - Shutdown initiated...
[20:23:07] [Server thread/INFO]: [com.fernsehheft.customlobby.libs.hikari.HikariDataSource] CustomLobby-Pool - Shutdown completed.
[20:23:07] [WebSocketConnectReadThread-114/INFO]: [Geyser-Spigot] The skin uploader has been closed
[20:23:07] [Server thread/INFO]: [CustomLobby] ✔ CustomLobby disabled cleanly.
[20:23:07] [Server thread/INFO]: [ViaVersion] Disabling ViaVersion v5.12.1-SNAPSHOT
[20:23:07] [Server thread/INFO]: [ViaVersion] ViaVersion has been disabled; uninjected the platform and shut down the scheduler.
[20:23:07] [Server thread/INFO]: [floodgate] Disabling floodgate v2.2.5-SNAPSHOT (b141-81b65cc)
[20:23:07] [Server thread/INFO]: Saving players
[20:23:07] [Server thread/INFO]: Saving worlds
[20:23:07] [Server thread/INFO]: Saving chunks for level 'ServerLevel[world]'/minecraft:overworld
[20:23:07] [Server thread/INFO]: [ChunkHolderManager] Waiting 60s for chunk system to halt for world 'world'
[20:23:07] [Server thread/INFO]: [ChunkHolderManager] Halted chunk system for world 'world'
[20:23:07] [Server thread/INFO]: [ChunkHolderManager] Saving all chunkholders for world 'world'
[20:23:08] [Server thread/INFO]: [ChunkHolderManager] Saved 2088 block chunks, 683 entity chunks, 0 poi chunks in world 'world' in 0,50s
[20:23:08] [Server thread/INFO]: [ChunkHolderManager] Waiting 60s for chunk I/O to halt for world 'world'
[20:23:08] [Server thread/INFO]: [ChunkHolderManager] Halted I/O scheduler for world 'world'
[20:23:08] [Server thread/INFO]: Saving chunks for level 'ServerLevel[world_nether]'/minecraft:the_nether
[20:23:08] [Server thread/INFO]: [ChunkHolderManager] Waiting 60s for chunk system to halt for world 'world_nether'
[20:23:08] [Server thread/INFO]: [ChunkHolderManager] Halted chunk system for world 'world_nether'
[20:23:08] [Server thread/INFO]: [ChunkHolderManager] Saving all chunkholders for world 'world_nether'
[20:23:08] [Server thread/INFO]: [ChunkHolderManager] Saved 0 block chunks, 0 entity chunks, 0 poi chunks in world 'world_nether' in 0,00s
[20:23:08] [Server thread/INFO]: [ChunkHolderManager] Waiting 60s for chunk I/O to halt for world 'world_nether'
[20:23:08] [Server thread/INFO]: [ChunkHolderManager] Halted I/O scheduler for world 'world_nether'
[20:23:08] [Server thread/INFO]: Saving chunks for level 'ServerLevel[world_the_end]'/minecraft:the_end
[20:23:08] [Server thread/INFO]: [ChunkHolderManager] Waiting 60s for chunk system to halt for world 'world_the_end'
[20:23:08] [Server thread/INFO]: [ChunkHolderManager] Halted chunk system for world 'world_the_end'
[20:23:08] [Server thread/INFO]: [ChunkHolderManager] Saving all chunkholders for world 'world_the_end'
[20:23:08] [Server thread/INFO]: [ChunkHolderManager] Saved 0 block chunks, 0 entity chunks, 0 poi chunks in world 'world_the_end' in 0,00s
[20:23:08] [Server thread/INFO]: [ChunkHolderManager] Waiting 60s for chunk I/O to halt for world 'world_the_end'
[20:23:08] [Server thread/INFO]: [ChunkHolderManager] Halted I/O scheduler for world 'world_the_end'
[20:23:08] [Server thread/INFO]: ThreadedAnvilChunkStorage (world): All chunks are saved
[20:23:08] [Server thread/INFO]: ThreadedAnvilChunkStorage (DIM-1): All chunks are saved
[20:23:08] [Server thread/INFO]: ThreadedAnvilChunkStorage (DIM1): All chunks are saved
[20:23:08] [Server thread/INFO]: ThreadedAnvilChunkStorage: All dimensions are saved
[20:23:08] [Server thread/INFO]: Waiting for all RegionFile I/O tasks to complete...
[20:23:08] [Server thread/INFO]: All RegionFile I/O tasks to complete
[20:23:08] [Server thread/INFO]: [MoonriseCommon] Awaiting termination of worker pool for up to 60s...
[20:23:08] [Server thread/INFO]: [MoonriseCommon] Awaiting termination of I/O pool for up to 60s...
